###############################################################################
#
# IAR ELF Linker V3.11.1.207 for STM8                     04/Mar/2022  17:52:38
# Copyright 2010-2019 IAR Systems AB.
#
#    Output file  =  
#        E:\divesos\Sensor_Humidade_RS485\Soft\Debug\Exe\Sensor_RS485.out
#    Map file     =  
#        E:\divesos\Sensor_Humidade_RS485\Soft\Debug\List\Sensor_RS485.map
#    Command line =  
#        -f C:\Users\Iury\AppData\Local\Temp\EW8E4.tmp
#        (E:\divesos\Sensor_Humidade_RS485\Soft\Debug\Obj\delay.o
#        E:\divesos\Sensor_Humidade_RS485\Soft\Debug\Obj\main.o --redirect
#        _Printf=_PrintfFullNoMb --redirect _Scanf=_ScanfFullNoMb
#        --no_out_extension -o
#        E:\divesos\Sensor_Humidade_RS485\Soft\Debug\Exe\Sensor_RS485.out --map
#        E:\divesos\Sensor_Humidade_RS485\Soft\Debug\List\Sensor_RS485.map
#        --config "C:\Program Files (x86)\IAR Systems\Embedded Workbench
#        8.3\stm8\config\lnkstm8s003f3.icf" --config_def _CSTACK_SIZE=0x100
#        --config_def _HEAP_SIZE=0x100 --entry __iar_program_start --debug_lib)
#
###############################################################################

*******************************************************************************
*** RUNTIME MODEL ATTRIBUTES
***

__SystemLibrary            = DLib
__code_model               = small
__core                     = stm8
__data_model               = medium
__dlib_file_descriptor     = 0
__dlib_full_locale_support = 0
__rt_version               = 4


*******************************************************************************
*** PLACEMENT SUMMARY
***

"A0":  place at start of [0x000000-0x0000ff] { rw section .vregs };
"A1":  place at end of [0x000000-0x0003ff] { block CSTACK };
"P2":  place in [from 0x000000 to 0x0003ff] {
          block HEAP, rw section __DLIB_PERTHREAD, rw section .far.bss,
          rw section .far.data, rw section .far.noinit,
          rw section .far_func.textrw, rw section .huge.bss,
          rw section .huge.data, rw section .huge.noinit,
          rw section .huge_func.textrw, rw section .iar.dynexit,
          rw section .near.bss, rw section .near.data, rw section .near.noinit,
          rw section .near_func.textrw };
"A2":  place at start of [0x008000-0x009fff] { block INTVEC };
"P3":  place in [from 0x008000 to 0x009fff] {
          ro section __DLIB_PERTHREAD_init, ro section .far.data_init,
          ro section .far_func.textrw_init, ro section .huge.data_init,
          ro section .huge_func.textrw_init, ro section .iar.init_table,
          ro section .init_array, ro section .near.data_init,
          ro section .near.rodata, ro section .near_func.text,
          ro section .near_func.textrw_init, ro section .tiny.data_init,
          ro section .tiny.rodata_init };
"P4":  place in [from 0x008000 to 0x009fff] {
          ro section .far.rodata, ro section .far_func.text };
"P5":  place in [from 0x008000 to 0x009fff] {
          ro section .huge.rodata, ro section .huge_func.text };
do not initialize {
   rw section .eeprom.noinit, rw section .far.noinit, rw section .huge.noinit,
   rw section .near.noinit, rw section .tiny.noinit, rw section .vregs };
initialize by copy {
   rw section .far.bss, rw section .far.data, rw section .far_func.textrw,
   rw section .huge.bss, rw section .huge.data, rw section .huge_func.textrw,
   rw section .iar.dynexit, rw section .near.bss, rw section .near.data,
   rw section .near_func.textrw, rw section .tiny.bss, rw section .tiny.data,
   ro section .tiny.rodata };

No sections matched the following patterns:

  ro section .far.data_init          in "P3-P5"
  ro section .far.rodata             in "P3-P5"
  ro section .far_func.text          in "P3-P5"
  ro section .far_func.textrw_init   in "P3-P5"
  ro section .huge.data_init         in "P3-P5"
  ro section .huge.rodata            in "P3-P5"
  ro section .huge_func.text         in "P3-P5"
  ro section .huge_func.textrw_init  in "P3-P5"
  ro section .iar.init_table         in "P3-P5"
  ro section .init_array             in "P3-P5"
  ro section .near_func.textrw_init  in "P3-P5"
  ro section .tiny.data_init         in "P3-P5"
  ro section .tiny.rodata_init       in "P3-P5"
  ro section __DLIB_PERTHREAD_init   in "P3-P5"
  rw section .far.bss                in "P2"
  rw section .far.data               in "P2"
  rw section .far.noinit             in "P2"
  rw section .far_func.textrw        in "P2"
  rw section .huge.bss               in "P2"
  rw section .huge.data              in "P2"
  rw section .huge.noinit            in "P2"
  rw section .huge_func.textrw       in "P2"
  rw section .iar.dynexit            in "P2"
  rw section .near.noinit            in "P2"
  rw section .near_func.textrw       in "P2"
  rw section .tiny.bss               in "P1"
  rw section .tiny.data              in "P1"
  rw section .tiny.noinit            in "P1"
  rw section .tiny.rodata            in "P1"
  rw section __DLIB_PERTHREAD        in "P2"
  section .eeprom.data               in "P6-P8"
  section .eeprom.noinit             in "P6-P8"
  section .eeprom.rodata             in "P6-P8"


  Section            Kind      Address   Size  Object
  -------            ----      -------   ----  ------
"A0":                                     0xc
  .vregs             uninit   0x000000    0xc  vregs.o [4]
                            - 0x00000c    0xc

"P2", part 1 of 2:                       0x42
  P2-1                        0x00000c   0x42  <Init block>
    .near.data       inited   0x00000c   0x42  main.o [1]
                            - 0x00004e   0x42

"P2", part 2 of 2:                       0x7c
  .near.bss          zero     0x00004e   0x29  main.o [1]
  .near.bss          zero     0x000077   0x29  main.o [1]
  .near.bss          zero     0x0000a0    0x4  main.o [1]
  .near.bss          zero     0x0000a4    0x4  main.o [1]
  .near.bss          zero     0x0000a8    0x4  main.o [1]
  .near.bss          zero     0x0000ac    0x2  main.o [1]
  .near.bss          zero     0x0000ae    0x2  main.o [1]
  .near.bss          zero     0x0000b0    0x2  main.o [1]
  .near.bss          zero     0x0000b2    0x2  main.o [1]
  .near.bss          zero     0x0000b4    0x2  main.o [1]
  .near.bss          zero     0x0000b6    0x2  main.o [1]
  .near.bss          zero     0x0000b8    0x2  main.o [1]
  .near.bss          zero     0x0000ba    0x2  main.o [1]
  .near.bss          zero     0x0000bc    0x2  main.o [1]
  .near.bss          zero     0x0000be    0x2  main.o [1]
  .near.bss          zero     0x0000c0    0x2  main.o [1]
  .near.bss          zero     0x0000c2    0x2  main.o [1]
  .near.bss          zero     0x0000c4    0x2  main.o [1]
  .near.bss          zero     0x0000c6    0x1  main.o [1]
  .near.bss          zero     0x0000c7    0x1  main.o [1]
  .near.bss          zero     0x0000c8    0x1  main.o [1]
  .near.bss          zero     0x0000c9    0x1  main.o [1]
                            - 0x0000ca   0x7c

"A1":                                   0x100
  CSTACK                      0x000300  0x100  <Block>
    CSTACK           uninit   0x000300  0x100  <Block tail>
                            - 0x000400  0x100

Absolute sections, part 1 of 23:          0x1
  .near.noinit       uninit   0x005000    0x1  main.o [1]
                            - 0x005001    0x1

Absolute sections, part 2 of 23:          0x3
  .near.noinit       uninit   0x005002    0x1  main.o [1]
  .near.noinit       uninit   0x005003    0x1  main.o [1]
  .near.noinit       uninit   0x005004    0x1  main.o [1]
                            - 0x005005    0x3

Absolute sections, part 3 of 23:          0x4
  .near.noinit       uninit   0x005006    0x1  main.o [1]
  .near.noinit       uninit   0x005007    0x1  main.o [1]
  .near.noinit       uninit   0x005008    0x1  main.o [1]
  .near.noinit       uninit   0x005009    0x1  main.o [1]
                            - 0x00500a    0x4

Absolute sections, part 4 of 23:          0x5
  .near.noinit       uninit   0x00500b    0x1  main.o [1]
  .near.noinit       uninit   0x00500c    0x1  main.o [1]
  .near.noinit       uninit   0x00500d    0x1  main.o [1]
  .near.noinit       uninit   0x00500e    0x1  main.o [1]
  .near.noinit       uninit   0x00500f    0x1  main.o [1]
                            - 0x005010    0x5

Absolute sections, part 5 of 23:          0x3
  .near.noinit       uninit   0x005011    0x1  main.o [1]
  .near.noinit       uninit   0x005012    0x1  main.o [1]
  .near.noinit       uninit   0x005013    0x1  main.o [1]
                            - 0x005014    0x3

Absolute sections, part 6 of 23:          0x2
  .near.noinit       uninit   0x0050c0    0x1  main.o [1]
  .near.noinit       uninit   0x0050c1    0x1  main.o [1]
                            - 0x0050c2    0x2

Absolute sections, part 7 of 23:          0x4
  .near.noinit       uninit   0x0050c4    0x1  main.o [1]
  .near.noinit       uninit   0x0050c5    0x1  main.o [1]
  .near.noinit       uninit   0x0050c6    0x1  main.o [1]
  .near.noinit       uninit   0x0050c7    0x1  main.o [1]
                            - 0x0050c8    0x4

Absolute sections, part 8 of 23:          0x2
  .near.noinit       uninit   0x0050c9    0x1  main.o [1]
  .near.noinit       uninit   0x0050ca    0x1  main.o [1]
                            - 0x0050cb    0x2

Absolute sections, part 9 of 23:          0x2
  .near.noinit       uninit   0x0050cc    0x1  main.o [1]
  .near.noinit       uninit   0x0050cd    0x1  main.o [1]
                            - 0x0050ce    0x2

Absolute sections, part 10 of 23:         0x3
  .near.noinit       uninit   0x0050e0    0x1  main.o [1]
  .near.noinit       uninit   0x0050e1    0x1  main.o [1]
  .near.noinit       uninit   0x0050e2    0x1  main.o [1]
                            - 0x0050e3    0x3

Absolute sections, part 11 of 23:         0x7
  .near.noinit       uninit   0x005230    0x1  main.o [1]
  .near.noinit       uninit   0x005231    0x1  main.o [1]
  .near.noinit       uninit   0x005232    0x1  main.o [1]
  .near.noinit       uninit   0x005233    0x1  main.o [1]
  .near.noinit       uninit   0x005234    0x1  main.o [1]
  .near.noinit       uninit   0x005235    0x1  main.o [1]
  .near.noinit       uninit   0x005236    0x1  main.o [1]
                            - 0x005237    0x7

Absolute sections, part 12 of 23:         0x1
  .near.noinit       uninit   0x005250    0x1  main.o [1]
                            - 0x005251    0x1

Absolute sections, part 13 of 23:         0x3
  .near.noinit       uninit   0x005254    0x1  main.o [1]
  .near.noinit       uninit   0x005255    0x1  main.o [1]
  .near.noinit       uninit   0x005256    0x1  main.o [1]
                            - 0x005257    0x3

Absolute sections, part 14 of 23:         0x3
  .near.noinit       uninit   0x005258    0x1  main.o [1]
  .near.noinit       uninit   0x005259    0x1  main.o [1]
  .near.noinit       uninit   0x00525a    0x1  main.o [1]
                            - 0x00525b    0x3

Absolute sections, part 15 of 23:         0x8
  .near.noinit       uninit   0x00525c    0x1  main.o [1]
  .near.noinit       uninit   0x00525d    0x1  main.o [1]
  .near.noinit       uninit   0x00525e    0x1  main.o [1]
  .near.noinit       uninit   0x00525f    0x1  main.o [1]
  .near.noinit       uninit   0x005260    0x1  main.o [1]
  .near.noinit       uninit   0x005261    0x1  main.o [1]
  .near.noinit       uninit   0x005262    0x1  main.o [1]
  .near.noinit       uninit   0x005263    0x1  main.o [1]
                            - 0x005264    0x8

Absolute sections, part 16 of 23:         0x6
  .near.noinit       uninit   0x005265    0x1  main.o [1]
  .near.noinit       uninit   0x005266    0x1  main.o [1]
  .near.noinit       uninit   0x005267    0x1  main.o [1]
  .near.noinit       uninit   0x005268    0x1  main.o [1]
  .near.noinit       uninit   0x005269    0x1  main.o [1]
  .near.noinit       uninit   0x00526a    0x1  main.o [1]
                            - 0x00526b    0x6

Absolute sections, part 17 of 23:         0x1
  .near.noinit       uninit   0x00526d    0x1  main.o [1]
                            - 0x00526e    0x1

Absolute sections, part 18 of 23:         0x1
  .near.noinit       uninit   0x005304    0x1  main.o [1]
                            - 0x005305    0x1

Absolute sections, part 19 of 23:         0x1
  .near.noinit       uninit   0x005340    0x1  main.o [1]
                            - 0x005341    0x1

Absolute sections, part 20 of 23:         0x2
  .near.noinit       uninit   0x005343    0x1  main.o [1]
  .near.noinit       uninit   0x005344    0x1  main.o [1]
                            - 0x005345    0x2

Absolute sections, part 21 of 23:         0x2
  .near.noinit       uninit   0x005347    0x1  main.o [1]
  .near.noinit       uninit   0x005348    0x1  main.o [1]
                            - 0x005349    0x2

Absolute sections, part 22 of 23:         0x3
  .near.noinit       uninit   0x005400    0x1  main.o [1]
  .near.noinit       uninit   0x005401    0x1  main.o [1]
  .near.noinit       uninit   0x005402    0x1  main.o [1]
                            - 0x005403    0x3

Absolute sections, part 23 of 23:         0x2
  .near.noinit       uninit   0x005404    0x1  main.o [1]
  .near.noinit       uninit   0x005405    0x1  main.o [1]
                            - 0x005406    0x2

"A2":                                    0x80
  INTVEC                      0x008000   0x80  <Block>
    .intvec          const    0x008000   0x80  interrupt.o [4]
                            - 0x008080   0x80

"P3-P5":                                0xad4
  .near_func.text    ro code  0x008080  0x22f  main.o [1]
  .near_func.text    ro code  0x0082af  0x100  main.o [1]
  .near_func.text    ro code  0x0083af   0xb3  vreg_util.o [4]
  .near_func.text    ro code  0x008462   0xae  main.o [1]
  .near_func.text    ro code  0x008510   0x88  long.o [4]
  .near_func.text    ro code  0x008598   0x73  main.o [1]
  .near_func.text    ro code  0x00860b   0x68  main.o [1]
  .near_func.text    ro code  0x008673   0x5d  main.o [1]
  .near_func.text    ro code  0x0086d0   0x5d  main.o [1]
  .near_func.text    ro code  0x00872d   0x5d  main.o [1]
  .near_func.text    ro code  0x00878a   0x59  strstr.o [4]
  .near_func.text    ro code  0x0087e3   0x4d  short.o [4]
  .near_func.text    ro code  0x008830   0x45  main.o [1]
  Initializer bytes  const    0x008875   0x42  <for P2-1>
  .near_func.text    ro code  0x0088b7   0x40  main.o [1]
  .near_func.text    ro code  0x0088f7   0x33  main.o [1]
  .near_func.text    ro code  0x00892a   0x31  main.o [1]
  .near_func.text    ro code  0x00895b   0x28  init_small.o [4]
  .near_func.text    ro code  0x008983   0x26  long_util.o [4]
  .near_func.text    ro code  0x0089a9   0x24  strcat.o [4]
  .near_func.text    ro code  0x0089cd   0x22  main.o [1]
  .iar.init_table    const    0x0089ef   0x12  - Linker created -
  .near_func.text    ro code  0x008a01   0x1e  init_small.o [4]
  .near_func.text    ro code  0x008a1f   0x17  delay.o [1]
  .near_func.text    ro code  0x008a36   0x16  memset.o [4]
  .near_func.text    ro code  0x008a4c   0x15  main.o [1]
  .near_func.text    ro code  0x008a61   0x15  main.o [1]
  .near_func.text    ro code  0x008a76   0x15  main.o [1]
  .near_func.text    ro code  0x008a8b   0x14  init.o [4]
  .near_func.text    ro code  0x008a9f   0x14  __dbg_xxexit.o [3]
  .near_func.text    ro code  0x008ab3   0x13  cstartup.o [4]
  .near_func.text    ro code  0x008ac6    0xd  strlen.o [4]
  .near_func.text    ro code  0x008ad3    0xd  dc_util.o [4]
  .near_func.text    ro code  0x008ae0    0xb  main.o [1]
  .near.rodata       const    0x008aeb    0xa  main.o [1]
  .near.rodata       const    0x008af5    0xa  main.o [1]
  .near_func.text    ro code  0x008aff    0x9  main.o [1]
  .near_func.text    ro code  0x008b08    0x9  main.o [1]
  .near.rodata       const    0x008b11    0x7  main.o [1]
  .near.rodata       const    0x008b18    0x6  main.o [1]
  .near_func.text    ro code  0x008b1e    0x6  char.o [4]
  .near_func.text    ro code  0x008b24    0x5  main.o [1]
  .near_func.text    ro code  0x008b29    0x5  main.o [1]
  .near_func.text    ro code  0x008b2e    0x5  cexit.o [4]
  .near.rodata       const    0x008b33    0x4  main.o [1]
  .near.rodata       const    0x008b37    0x3  main.o [1]
  .near_func.text    ro code  0x008b3a    0x3  main.o [1]
  .near_func.text    ro code  0x008b3d    0x3  interrupt.o [4]
  .near_func.text    ro code  0x008b40    0x3  low_level_init.o [4]
  .near_func.text    ro code  0x008b43    0x3  exit.o [4]
  .near_func.text    ro code  0x008b46    0x3  unhandled_exception.o [4]
  .near.rodata       const    0x008b49    0x2  main.o [1]
  .near.rodata       const    0x008b4b    0x2  main.o [1]
  .near.rodata       const    0x008b4d    0x2  main.o [1]
  .near.rodata       const    0x008b4f    0x2  main.o [1]
  .near.rodata       const    0x008b51    0x2  main.o [1]
  .near_func.text    ro code  0x008b53    0x1  __dbg_break.o [3]
                            - 0x008b54  0xad4


*******************************************************************************
*** INIT TABLE
***

          Address   Size
          -------   ----
Zero (__iar_zero_init2)
    1 destination range, total size 0x7c:
          0x00004e  0x7c

Copy (__iar_copy_init2)
    1 source range, total size 0x42:
          0x008875  0x42
    1 destination range, total size 0x42:
          0x00000c  0x42



*******************************************************************************
*** MODULE SUMMARY
***

    Module                 ro code  ro data  rw data  rw data
                                                       (abs)
    ------                 -------  -------  -------  -------
E:\divesos\Sensor_Humidade_RS485\Soft\Debug\Obj: [1]
    delay.o                     23
    main.o                   1 859      116      190       69
    ---------------------------------------------------------
    Total:                   1 882      116      190       69

command line: [2]
    ---------------------------------------------------------
    Total:

dbgstm8smd.a: [3]
    __dbg_break.o                1
    __dbg_xxexit.o              20
    ---------------------------------------------------------
    Total:                      21

dlstm8smn.a: [4]
    cexit.o                      5
    char.o                       6
    cstartup.o                  19
    dc_util.o                   13
    exit.o                       3
    init.o                      20
    init_small.o                70
    interrupt.o                  3      128
    long.o                     136
    long_util.o                 38
    low_level_init.o             3
    memset.o                    22
    short.o                     77
    strcat.o                    36
    strlen.o                    13
    strstr.o                    89
    unhandled_exception.o        3
    vreg_util.o                179
    vregs.o                                       12
    ---------------------------------------------------------
    Total:                     735      128       12

    Linker created                       18      256
-------------------------------------------------------------
    Grand Total:             2 638      262      458       69


*******************************************************************************
*** ENTRY LIST
***

Entry                    Address   Size  Type      Object
-----                    -------   ----  ----      ------
.iar.init_table$$Base   0x0089ef          --   Gb  - Linker created -
.iar.init_table$$Limit  0x008a01          --   Gb  - Linker created -
?add32_l0_l0_0x         0x008510         Code  Gb  long.o [4]
?b0                     0x000000         Data  Gb  vregs.o [4]
?b1                     0x000001         Data  Gb  vregs.o [4]
?b10                    0x00000a         Data  Gb  vregs.o [4]
?b11                    0x00000b         Data  Gb  vregs.o [4]
?b2                     0x000002         Data  Gb  vregs.o [4]
?b3                     0x000003         Data  Gb  vregs.o [4]
?b4                     0x000004         Data  Gb  vregs.o [4]
?b5                     0x000005         Data  Gb  vregs.o [4]
?b6                     0x000006         Data  Gb  vregs.o [4]
?b7                     0x000007         Data  Gb  vregs.o [4]
?b8                     0x000008         Data  Gb  vregs.o [4]
?b9                     0x000009         Data  Gb  vregs.o [4]
?dc32_l1                0x008ad3         Code  Gb  dc_util.o [4]
?e0                     0x000001         Data  Gb  vregs.o [4]
?e1                     0x000005         Data  Gb  vregs.o [4]
?e2                     0x000009         Data  Gb  vregs.o [4]
?epilogue_l2            0x008437         Code  Gb  vreg_util.o [4]
?epilogue_w4            0x00843b         Code  Gb  vreg_util.o [4]
?l0                     0x000000         Data  Gb  vregs.o [4]
?l1                     0x000004         Data  Gb  vregs.o [4]
?l2                     0x000008         Data  Gb  vregs.o [4]
?load32_0x_l0           0x00899b         Code  Gb  long_util.o [4]
?load32_l0_0x           0x008983         Code  Gb  long_util.o [4]
?load32_l1_0x           0x00898f         Code  Gb  long_util.o [4]
?mov_w0_w1              0x00843f         Code  Gb  vreg_util.o [4]
?mov_w0_w2              0x008446         Code  Gb  vreg_util.o [4]
?mov_w2_w0              0x00844d         Code  Gb  vreg_util.o [4]
?mov_w2_w1              0x008454         Code  Gb  vreg_util.o [4]
?mov_w4_w0              0x00845b         Code  Gb  vreg_util.o [4]
?mul16_x_x_w0           0x0087e3         Code  Gb  short.o [4]
?pop_l0                 0x00840e         Code  Gb  vreg_util.o [4]
?pop_l1                 0x008419         Code  Gb  vreg_util.o [4]
?pop_l2                 0x008424         Code  Gb  vreg_util.o [4]
?pop_w0                 0x0083cc         Code  Gb  vreg_util.o [4]
?pop_w4                 0x0083d3         Code  Gb  vreg_util.o [4]
?push_l0                0x0083e2         Code  Gb  vreg_util.o [4]
?push_l1                0x0083e7         Code  Gb  vreg_util.o [4]
?push_l2                0x0083ec         Code  Gb  vreg_util.o [4]
?push_w0                0x0083af         Code  Gb  vreg_util.o [4]
?push_w4                0x0083b4         Code  Gb  vreg_util.o [4]
?sdiv16_x_x_y           0x008801         Code  Gb  short.o [4]
?smod16_y_x_y           0x00881a         Code  Gb  short.o [4]
?srl16_x_x_4            0x00882b         Code  Gb  short.o [4]
?srl16_x_x_5            0x00882a         Code  Gb  short.o [4]
?srl8_a_a_5             0x008b1f         Code  Gb  char.o [4]
?srl8_a_a_6             0x008b1e         Code  Gb  char.o [4]
?udiv32_l0_l0_dl        0x008528         Code  Gb  long.o [4]
?udiv32_l0_l0_l1        0x00852b         Code  Gb  long.o [4]
?umod32_l1_l0_l1        0x00852b         Code  Gb  long.o [4]
?w0                     0x000000         Data  Gb  vregs.o [4]
?w1                     0x000002         Data  Gb  vregs.o [4]
?w2                     0x000004         Data  Gb  vregs.o [4]
?w3                     0x000006         Data  Gb  vregs.o [4]
?w4                     0x000008         Data  Gb  vregs.o [4]
?w5                     0x00000a         Data  Gb  vregs.o [4]
ADC_DRH                 0x005404    0x1  Data  Gb  main.o [1]
ADC_DRL                 0x005405    0x1  Data  Gb  main.o [1]
ADC_Init                0x008aff    0x9  Code  Gb  main.o [1]
ADC_Read                0x008830   0x45  Code  Gb  main.o [1]
CLK_PCKENR1             0x0050c7    0x1  Data  Gb  main.o [1]
CLK_PCKENR2             0x0050ca    0x1  Data  Gb  main.o [1]
CLK_SWR                 0x0050c4    0x1  Data  Gb  main.o [1]
CSTACK$$Base            0x000300          --   Gb  - Linker created -
CSTACK$$Limit           0x000400          --   Gb  - Linker created -
INTVEC$$Base            0x008000          --   Gb  - Linker created -
INTVEC$$Limit           0x008080          --   Gb  - Linker created -
IWDG_KR                 0x0050e0    0x1  Data  Gb  main.o [1]
IWDG_RLR                0x0050e2    0x1  Data  Gb  main.o [1]
InitialiseSystemClock   0x0088b7   0x40  Code  Gb  main.o [1]
InitialiseTimer1        0x008673   0x5d  Code  Gb  main.o [1]
NTC_table               0x00000c   0x42  Data  Gb  main.o [1]
Region$$Table$$Base     0x0089ef          --   Gb  - Linker created -
Region$$Table$$Limit    0x008a01          --   Gb  - Linker created -
SetupTimer1             0x00892a   0x31  Code  Gb  main.o [1]
TIM1_ARRH               0x005262    0x1  Data  Gb  main.o [1]
TIM1_ARRL               0x005263    0x1  Data  Gb  main.o [1]
TIM1_CCR1H              0x005265    0x1  Data  Gb  main.o [1]
TIM1_CCR1L              0x005266    0x1  Data  Gb  main.o [1]
TIM1_CCR2H              0x005267    0x1  Data  Gb  main.o [1]
TIM1_CCR2L              0x005268    0x1  Data  Gb  main.o [1]
TIM1_CCR3H              0x005269    0x1  Data  Gb  main.o [1]
TIM1_CCR3L              0x00526a    0x1  Data  Gb  main.o [1]
TIM1_CNTRH              0x00525e    0x1  Data  Gb  main.o [1]
TIM1_CNTRL              0x00525f    0x1  Data  Gb  main.o [1]
TIM1_PSCRH              0x005260    0x1  Data  Gb  main.o [1]
TIM1_PSCRL              0x005261    0x1  Data  Gb  main.o [1]
TIM2_UPD_OVF_IRQHandler
                        0x008b24    0x5  Code  Gb  main.o [1]
TIM4_ARR                0x005348    0x1  Data  Gb  main.o [1]
TM4_Init                0x008a61   0x15  Code  Gb  main.o [1]
UART1_BRR1              0x005232    0x1  Data  Gb  main.o [1]
UART1_BRR2              0x005233    0x1  Data  Gb  main.o [1]
UART1_DR                0x005231    0x1  Data  Gb  main.o [1]
UART1_RX_ISR            0x008598   0x73  Code  Gb  main.o [1]
UART_Init               0x008a76   0x15  Code  Gb  main.o [1]
_A_ADC_CR1              0x005401    0x1  Data  Gb  main.o [1]
_A_ADC_CR2              0x005402    0x1  Data  Gb  main.o [1]
_A_ADC_CSR              0x005400    0x1  Data  Gb  main.o [1]
_A_CLK_CCOR             0x0050c9    0x1  Data  Gb  main.o [1]
_A_CLK_CKDIVR           0x0050c6    0x1  Data  Gb  main.o [1]
_A_CLK_ECKR             0x0050c1    0x1  Data  Gb  main.o [1]
_A_CLK_HSITRIMR         0x0050cc    0x1  Data  Gb  main.o [1]
_A_CLK_ICKR             0x0050c0    0x1  Data  Gb  main.o [1]
_A_CLK_SWCR             0x0050c5    0x1  Data  Gb  main.o [1]
_A_CLK_SWIMCCR          0x0050cd    0x1  Data  Gb  main.o [1]
_A_IWDG_PR              0x0050e1    0x1  Data  Gb  main.o [1]
_A_PA_CR1               0x005003    0x1  Data  Gb  main.o [1]
_A_PA_CR2               0x005004    0x1  Data  Gb  main.o [1]
_A_PA_DDR               0x005002    0x1  Data  Gb  main.o [1]
_A_PA_ODR               0x005000    0x1  Data  Gb  main.o [1]
_A_PB_CR1               0x005008    0x1  Data  Gb  main.o [1]
_A_PB_CR2               0x005009    0x1  Data  Gb  main.o [1]
_A_PB_DDR               0x005007    0x1  Data  Gb  main.o [1]
_A_PB_IDR               0x005006    0x1  Data  Gb  main.o [1]
_A_PC_CR1               0x00500d    0x1  Data  Gb  main.o [1]
_A_PC_CR2               0x00500e    0x1  Data  Gb  main.o [1]
_A_PC_DDR               0x00500c    0x1  Data  Gb  main.o [1]
_A_PC_IDR               0x00500b    0x1  Data  Gb  main.o [1]
_A_PD_CR1               0x005012    0x1  Data  Gb  main.o [1]
_A_PD_CR2               0x005013    0x1  Data  Gb  main.o [1]
_A_PD_DDR               0x005011    0x1  Data  Gb  main.o [1]
_A_PD_ODR               0x00500f    0x1  Data  Gb  main.o [1]
_A_TIM1_BKR             0x00526d    0x1  Data  Gb  main.o [1]
_A_TIM1_CCER1           0x00525c    0x1  Data  Gb  main.o [1]
_A_TIM1_CCER2           0x00525d    0x1  Data  Gb  main.o [1]
_A_TIM1_CCMR1           0x005258    0x1  Data  Gb  main.o [1]
_A_TIM1_CCMR2           0x005259    0x1  Data  Gb  main.o [1]
_A_TIM1_CCMR3           0x00525a    0x1  Data  Gb  main.o [1]
_A_TIM1_CR1             0x005250    0x1  Data  Gb  main.o [1]
_A_TIM1_IER             0x005254    0x1  Data  Gb  main.o [1]
_A_TIM1_SR1             0x005255    0x1  Data  Gb  main.o [1]
_A_TIM1_SR2             0x005256    0x1  Data  Gb  main.o [1]
_A_TIM2_SR1             0x005304    0x1  Data  Gb  main.o [1]
_A_TIM4_CR1             0x005340    0x1  Data  Gb  main.o [1]
_A_TIM4_IER             0x005343    0x1  Data  Gb  main.o [1]
_A_TIM4_PSCR            0x005347    0x1  Data  Gb  main.o [1]
_A_TIM4_SR              0x005344    0x1  Data  Gb  main.o [1]
_A_UART1_CR1            0x005234    0x1  Data  Gb  main.o [1]
_A_UART1_CR2            0x005235    0x1  Data  Gb  main.o [1]
_A_UART1_CR3            0x005236    0x1  Data  Gb  main.o [1]
_A_UART1_SR             0x005230    0x1  Data  Gb  main.o [1]
_TIM4_OVF               0x008080  0x22f  Code  Gb  main.o [1]
__DebugBreak            0x008b53    0x1  Code  Gb  __dbg_break.o [3]
__exit                  0x008a9f   0x14  Code  Gb  __dbg_xxexit.o [3]
__iar_Strstr            0x00878a   0x59  Code  Gb  strstr.o [4]
__iar_copy_init2        0x00895b         Code  Gb  init_small.o [4]
__iar_data_init2        0x008a8b   0x14  Code  Gb  init.o [4]
__iar_program_start     0x008ab3         Code  Gb  cstartup.o [4]
__iar_unhandled_exception
                        0x008b46         Code  Gb  unhandled_exception.o [4]
__iar_zero_init2        0x008a01         Code  Gb  init_small.o [4]
__intvec                0x008000         Data  Gb  interrupt.o [4]
__low_level_init        0x008b40    0x3  Code  Gb  low_level_init.o [4]
_exit                   0x008b2e         Code  Gb  cexit.o [4]
_interrupt_15           0x008b24         Code  Gb  main.o [1]
_interrupt_20           0x008598         Code  Gb  main.o [1]
_interrupt_25           0x008080         Code  Gb  main.o [1]
adc_value_1             0x0000b0    0x2  Data  Gb  main.o [1]
adc_value_2             0x0000b2    0x2  Data  Gb  main.o [1]
adc_value_3             0x0000b4    0x2  Data  Gb  main.o [1]
buff                    0x000077   0x29  Data  Gb  main.o [1]
buff_temp               0x00004e   0x29  Data  Gb  main.o [1]
cont_ad                 0x0000b6    0x2  Data  Gb  main.o [1]
delay_ms                0x008a1f   0x17  Code  Gb  delay.o [1]
end                     0x0000c8    0x1  Data  Gb  main.o [1]
exit                    0x008b43    0x3  Code  Gb  exit.o [4]
inicializar_pinos       0x0086d0   0x5d  Code  Gb  main.o [1]
int_5mS                 0x0000c6    0x1  Data  Gb  main.o [1]
itoa                    0x0084ac   0x64  Code  Gb  main.o [1]
iwdg_enable             0x008a4c   0x15  Code  Gb  main.o [1]
iwdg_refresh            0x008b29    0x5  Code  Gb  main.o [1]
leitura_1               0x0000b8    0x2  Data  Gb  main.o [1]
leitura_2               0x0000ba    0x2  Data  Gb  main.o [1]
main                    0x0089cd   0x22  Code  Gb  main.o [1]
memset                  0x008a36   0x16  Code  Gb  memset.o [4]
modo                    0x0000c4    0x2  Data  Gb  main.o [1]
p1                      0x0000c0    0x2  Data  Gb  main.o [1]
p2                      0x0000c2    0x2  Data  Gb  main.o [1]
pont_buff_temp          0x0000c9    0x1  Data  Gb  main.o [1]
reverse                 0x008462   0x4a  Code  Gb  main.o [1]
serial                  0x0000ae    0x2  Data  Gb  main.o [1]
strcat                  0x0089a9   0x24  Code  Gb  strcat.o [4]
strlen                  0x008ac6    0xd  Code  Gb  strlen.o [4]
strstr                  0x008b3a    0x3  Code  Gb  main.o [1]
temp_50_ms              0x0000ac    0x2  Data  Gb  main.o [1]
temp_ad_1               0x0000a0    0x4  Data  Gb  main.o [1]
temp_ad_2               0x0000a4    0x4  Data  Gb  main.o [1]
temp_ad_3               0x0000a8    0x4  Data  Gb  main.o [1]
temperatrura_1          0x0000bc    0x2  Data  Gb  main.o [1]
temperatrura_2          0x0000be    0x2  Data  Gb  main.o [1]
temporizador_led        0x0000c7    0x1  Data  Gb  main.o [1]
testa_chaves            0x00872d   0x5d  Code  Gb  main.o [1]
testar_str              0x00860b   0x68  Code  Gb  main.o [1]
transmite_as1           0x008b08    0x9  Code  Gb  main.o [1]
transmite_string_as1    0x008ae0    0xb  Code  Gb  main.o [1]
trata_leitura           0x0082af  0x100  Code  Gb  main.o [1]
trata_serial            0x0088f7   0x33  Code  Gb  main.o [1]


[1] = E:\divesos\Sensor_Humidade_RS485\Soft\Debug\Obj
[2] = command line
[3] = dbgstm8smd.a
[4] = dlstm8smn.a

  2 638 bytes of readonly  code memory
    262 bytes of readonly  data memory
    458 bytes of readwrite data memory (+ 69 absolute)

Errors: none
Warnings: none
